*****************************************************************
      SolidWorks 公司 - IGES 处理器状态报告
*****************************************************************
=================================================================
总信息
=================================================================
发送系统产品 I.D.  : ER30外部模型
接收系统产品 I.D.  : ER30外部模型
文件名称                    : \\nfsclusterfs\user_folder\ji.fangjing\My Documents\吉方靖\自动化简易模型\机器人\ER30\ER30外部模型.IGS
发送系统              : SolidWorks 2014
预处理器版本         : SolidWorks 2014
文件生成日期          : 200330.141452
模型生成日期         : 200330.141452
单位                        : MM
模型空间比例            : 1
作者                       : ji.fangjing
组织                 : 


=================================================================
实体处理信息
=================================================================
错误:   DE# 33691, TYPE   144: 在内剪裁环中遇见问题。
错误:   DE# 33687, TYPE   110: 不支持的独立的剪裁曲线。
错误:   DE# 33691, TYPE   144: 在内剪裁环中遇见问题。
错误:   DE# 35091, TYPE   110: 不支持的独立的剪裁曲线。
错误:   DE# 35095, TYPE   144: 在外剪裁环中遇见问题。
警告: DE# 37807, TYPE   144: 通过使用3D 剪裁曲线，错误被修正。
错误:   DE# 50285, TYPE   110: 不支持的独立的剪裁曲线。
错误:   DE# 50289, TYPE   144: 在外剪裁环中遇见问题。
错误:   DE# 50289, TYPE   144: 在外剪裁环中遇见问题。
警告: DE# 67197, TYPE   144: 通过使用3D 剪裁曲线，错误被修正。
错误:   DE# 72101, TYPE   120: 无法生成旋转曲面。
错误:   DE# 72101, TYPE   120: 无法生成旋转曲面。
错误:   DE# 72133, TYPE   120: 无法生成旋转曲面。
错误:   DE# 72133, TYPE   120: 无法生成旋转曲面。
错误:   DE# 72389, TYPE   120: 无法生成旋转曲面。
错误:   DE# 72389, TYPE   120: 无法生成旋转曲面。
错误:   DE# 77159, TYPE   120: 无法生成旋转曲面。
错误:   DE# 77159, TYPE   120: 无法生成旋转曲面。
错误:   DE# 77371, TYPE   120: 无法生成旋转曲面。
错误:   DE# 77371, TYPE   120: 无法生成旋转曲面。
错误:   DE# 82711, TYPE   120: 无法生成旋转曲面。
错误:   DE# 82711, TYPE   120: 无法生成旋转曲面。
错误:   DE#103469, TYPE   120: 无法生成旋转曲面。
错误:   DE#103469, TYPE   120: 无法生成旋转曲面。
错误:   DE#107509, TYPE   120: 无法生成旋转曲面。
错误:   DE#107509, TYPE   120: 无法生成旋转曲面。
错误:   DE#108735, TYPE   120: 无法生成旋转曲面。
错误:   DE#108735, TYPE   120: 无法生成旋转曲面。
错误:   DE#108767, TYPE   120: 无法生成旋转曲面。
错误:   DE#108767, TYPE   120: 无法生成旋转曲面。
错误:   DE#108799, TYPE   120: 无法生成旋转曲面。
错误:   DE#108799, TYPE   120: 无法生成旋转曲面。
错误:   DE#108893, TYPE   120: 无法生成旋转曲面。
错误:   DE#108893, TYPE   120: 无法生成旋转曲面。
错误:   DE#108929, TYPE   120: 无法生成旋转曲面。
错误:   DE#108929, TYPE   120: 无法生成旋转曲面。
错误:   DE#132657, TYPE   120: 无法生成旋转曲面。
错误:   DE#132657, TYPE   120: 无法生成旋转曲面。
错误:   DE#134151, TYPE   120: 无法生成旋转曲面。
错误:   DE#134151, TYPE   120: 无法生成旋转曲面。
错误:   DE#134797, TYPE   120: 无法生成旋转曲面。
错误:   DE#134797, TYPE   120: 无法生成旋转曲面。
警告: DE#135749, TYPE   144: 通过使用3D 剪裁曲线，错误被修正。
错误:   DE#138801, TYPE   128: 无法生成 B-样条曲面。
错误:   DE#138801, TYPE   128: 无法生成 B-样条曲面。
错误:   DE#168757, TYPE   144: 在外剪裁环中遇见问题。
警告: DE#168757, TYPE   144: 通过使用3D 剪裁曲线，错误被修正。
错误:   DE#179451, TYPE   120: 无法生成旋转曲面。
错误:   DE#179451, TYPE   120: 无法生成旋转曲面。
错误:   DE#179563, TYPE   120: 无法生成旋转曲面。
错误:   DE#179563, TYPE   120: 无法生成旋转曲面。
错误:   DE#179825, TYPE   120: 无法生成旋转曲面。
错误:   DE#179825, TYPE   120: 无法生成旋转曲面。
错误:   DE#181965, TYPE   120: 无法生成旋转曲面。
错误:   DE#181965, TYPE   120: 无法生成旋转曲面。
错误:   DE#182373, TYPE   120: 无法生成旋转曲面。
错误:   DE#182373, TYPE   120: 无法生成旋转曲面。
错误:   DE#183015, TYPE   120: 无法生成旋转曲面。
错误:   DE#183015, TYPE   120: 无法生成旋转曲面。
错误:   DE#184867, TYPE   120: 无法生成旋转曲面。
错误:   DE#184867, TYPE   120: 无法生成旋转曲面。


=================================================================
IGES 文件的精度分析：
=================================================================
  有效位数的最普遍的数:              12
  有效位数的最大数:                     14
  有效位数的平均数:                11.5342
  与原点的最大距离:                           707777
  与原点的最小距离:                          2.01311
  有效位数的有效数:                   14


=================================================================
实体概要
=================================================================
-----------------------------------------------------------------
类型名称                                         记数转换
---- ----                                         ----- ---------
100  Arc                                           8223      8223
102  Composite curve                              13002     13002
110  Line                                         17026     17026
120  Surface of revolution                         2398      2398
124  Transformation matrix                         7010      7010
126  Rational B-spline curve                      37632     37632
128  Rational B-spline surface                     3158      3156
142  Curve on a parametric surface                 6505      6505
144  Trimmed parametric surface                    5556      5523
308  Subfigure definition                             7         7
314  Color definition                              1651      1651
408  Singular subfigure instance                      7         7
_________________________________________________________________


=================================================================
结果概要
=================================================================
SolidWorks 特征类型                记数
-----------------------                -----
实体特征                       2
曲面特征                     1981
曲线/草图特征                0
--------------------------------------------
开始时间: 星期二, 三月 31, 2020 14:44:08
结束时间: 星期二, 三月 31, 2020 14:45:20
处理时间: 0 days, 00 hours, 01 mins, 12 secs
