*****************************************************************
      SolidWorks 公司 - IGES 处理器状态报告
*****************************************************************
=================================================================
总信息
=================================================================
发送系统产品 I.D.  : ESTUN-ER80WT
接收系统产品 I.D.  : ESTUN-ER80WT
文件名称                    : \\nfsclusterfs\user_folder\ji.fangjing\My Documents\吉方靖\自动化简易模型\机器人\ER80\ESTUN-ER80WT.IGS
发送系统              : SolidWorks 2014
预处理器版本         : SolidWorks 2014
文件生成日期          : 200330.141912
模型生成日期         : 200330.141912
单位                        : MM
模型空间比例            : 1
作者                       : ji.fangjing
组织                 : 


=================================================================
实体处理信息
=================================================================


=================================================================
IGES 文件的精度分析：
=================================================================


=================================================================
实体概要
=================================================================
-----------------------------------------------------------------
类型名称                                         记数转换
---- ----                                         ----- ---------
100  Arc                                           7287      7287
102  Composite curve                              12666     12666
110  Line                                         16775     16775
120  Surface of revolution                         2513      2513
124  Transformation matrix                         6601      6601
126  Rational B-spline curve                      40851     40851
128  Rational B-spline surface                     3135      3135
142  Curve on a parametric surface                 6333      6333
144  Trimmed parametric surface                    5648      5648
308  Subfigure definition                             8         8
314  Color definition                              4101      4101
408  Singular subfigure instance                      8         8
_________________________________________________________________


=================================================================
结果概要
=================================================================
SolidWorks 特征类型                记数
-----------------------                -----
实体特征                       0
曲面特征                     0
曲线/草图特征                0
--------------------------------------------
开始时间: 星期二, 三月 31, 2020 16:54:39
结束时间: 星期二, 三月 31, 2020 16:54:43
处理时间: 0 days, 00 hours, 00 mins, 04 secs
