*****************************************************************
      SolidWorks 公司 - IGES 处理器状态报告
*****************************************************************
=================================================================
总信息
=================================================================
发送系统产品 I.D.  : 210-2700机器人6轴
接收系统产品 I.D.  : 210-2700机器人6轴
文件名称                    : \\nfsclusterfs\user_folder\ji.fangjing\My Documents\吉方靖\自动化简易模型\机器人\KR210R2700\210-2700机器人6轴.IGS
发送系统              : SolidWorks 2014
预处理器版本         : SolidWorks 2014
文件生成日期          : 200330.134958
模型生成日期         : 200330.134958
单位                        : MM
模型空间比例            : 1
作者                       : ji.fangjing
组织                 : 


=================================================================
实体处理信息
=================================================================


=================================================================
IGES 文件的精度分析：
=================================================================
  有效位数的最普遍的数:              12
  有效位数的最大数:                     12
  有效位数的平均数:                6.82642
  与原点的最大距离:                          1738.75
  与原点的最小距离:                          587.157
  有效位数的有效数:              11.6947


=================================================================
实体概要
=================================================================
-----------------------------------------------------------------
类型名称                                         记数转换
---- ----                                         ----- ---------
100  Arc                                           5971      5971
102  Composite curve                               6626      6626
110  Line                                          8180      8180
120  Surface of revolution                          993       993
124  Transformation matrix                         5390      5390
126  Rational B-spline curve                      18178     18178
128  Rational B-spline surface                     1985      1985
142  Curve on a parametric surface                 3313      3313
144  Trimmed parametric surface                    2978      2978
308  Subfigure definition                            10        10
314  Color definition                                87        87
408  Singular subfigure instance                     10        10
_________________________________________________________________


=================================================================
结果概要
=================================================================
SolidWorks 特征类型                记数
-----------------------                -----
实体特征                       71
曲面特征                     1
曲线/草图特征                0
--------------------------------------------
开始时间: 星期二, 三月 31, 2020 17:05:22
结束时间: 星期二, 三月 31, 2020 17:06:06
处理时间: 0 days, 00 hours, 00 mins, 44 secs
