*****************************************************************
      SolidWorks 公司 - IGES 处理器状态报告
*****************************************************************
=================================================================
总信息
=================================================================
发送系统产品 I.D.  : KR270 R3100 K ultra六轴机器人
接收系统产品 I.D.  : KR270 R3100 K ultra六轴机器人
文件名称                    : \\nfsclusterfs\user_folder\ji.fangjing\My Documents\吉方靖\自动化简易模型\机器人\KR270R3100\KR270 R3100 K ultra六轴机器人.IGS
发送系统              : SolidWorks 2014
预处理器版本         : SolidWorks 2014
文件生成日期          : 200330.135202
模型生成日期         : 200330.135202
单位                        : MM
模型空间比例            : 1
作者                       : ji.fangjing
组织                 : 


=================================================================
实体处理信息
=================================================================


=================================================================
IGES 文件的精度分析：
=================================================================
  有效位数的最普遍的数:               2
  有效位数的最大数:                     12
  有效位数的平均数:                5.17949
  与原点的最大距离:                          2224.96
  与原点的最小距离:                          599.042
  有效位数的有效数:              11.7602


=================================================================
实体概要
=================================================================
-----------------------------------------------------------------
类型名称                                         记数转换
---- ----                                         ----- ---------
100  Arc                                           7768      7768
102  Composite curve                               8982      8982
110  Line                                         11196     11196
120  Surface of revolution                         1280      1280
124  Transformation matrix                         6951      6951
126  Rational B-spline curve                      24571     24571
128  Rational B-spline surface                     2746      2746
142  Curve on a parametric surface                 4491      4491
144  Trimmed parametric surface                    4026      4026
308  Subfigure definition                             9         9
314  Color definition                              4027      4027
408  Singular subfigure instance                      9         9
_________________________________________________________________


=================================================================
结果概要
=================================================================
SolidWorks 特征类型                记数
-----------------------                -----
实体特征                       99
曲面特征                     0
曲线/草图特征                0
--------------------------------------------
开始时间: 星期二, 三月 31, 2020 17:08:20
结束时间: 星期二, 三月 31, 2020 17:10:42
处理时间: 0 days, 00 hours, 02 mins, 22 secs
