*****************************************************************
      SolidWorks 公司 - IGES 处理器状态报告
*****************************************************************
=================================================================
总信息
=================================================================
发送系统产品 I.D.  : am_dzp0810c
接收系统产品 I.D.  : am_dzp0810c
文件名称                    : \\nfsclusterfs\user_folder\ji.fangjing\My Documents\吉方靖\自动化简易模型\对中台\0810c\am_dzp0810c.IGS
发送系统              : SolidWorks 2014
预处理器版本         : SolidWorks 2014
文件生成日期          : 200326.104542
模型生成日期         : 200326.104542
单位                        : MM
模型空间比例            : 1
作者                       : ji.fangjing
组织                 : 


=================================================================
实体处理信息
=================================================================


=================================================================
IGES 文件的精度分析：
=================================================================
  有效位数的最普遍的数:              12
  有效位数的最大数:                     13
  有效位数的平均数:                11.3616
  与原点的最大距离:                          3582.05
  与原点的最小距离:                          200.448
  有效位数的有效数:              12.9513


=================================================================
实体概要
=================================================================
-----------------------------------------------------------------
类型名称                                         记数转换
---- ----                                         ----- ---------
100  Arc                                           1742      1742
102  Composite curve                               2030      2030
110  Line                                          2473      2473
120  Surface of revolution                          416       416
124  Transformation matrix                         1720      1720
126  Rational B-spline curve                       4005      4005
128  Rational B-spline surface                      391       391
142  Curve on a parametric surface                 1015      1015
144  Trimmed parametric surface                     807       807
314  Color definition                               808       808
_________________________________________________________________


=================================================================
结果概要
=================================================================
SolidWorks 特征类型                记数
-----------------------                -----
实体特征                       0
曲面特征                     146
曲线/草图特征                0
--------------------------------------------
开始时间: 星期二, 三月 31, 2020 12:16:04
结束时间: 星期二, 三月 31, 2020 12:16:18
处理时间: 0 days, 00 hours, 00 mins, 14 secs
