*****************************************************************
      SolidWorks 公司 - IGES 处理器状态报告
*****************************************************************
=================================================================
总信息
=================================================================
发送系统产品 I.D.  : am_dzp1225f
接收系统产品 I.D.  : am_dzp1225f
文件名称                    : \\nfsclusterfs\user_folder\ji.fangjing\My Documents\吉方靖\自动化简易模型\对中台\1225f\am_dzp1225f.IGS
发送系统              : SolidWorks 2014
预处理器版本         : SolidWorks 2014
文件生成日期          : 200327.103841
模型生成日期         : 200327.103841
单位                        : MM
模型空间比例            : 1
作者                       : ji.fangjing
组织                 : 


=================================================================
实体处理信息
=================================================================


=================================================================
IGES 文件的精度分析：
=================================================================
  有效位数的最普遍的数:              13
  有效位数的最大数:                     13
  有效位数的平均数:                12.1269
  与原点的最大距离:                          6819.89
  与原点的最小距离:                         0.535235
  有效位数的有效数:              12.9999


=================================================================
实体概要
=================================================================
-----------------------------------------------------------------
类型名称                                         记数转换
---- ----                                         ----- ---------
100  Arc                                           3078      3078
102  Composite curve                               3374      3374
110  Line                                          3282      3282
120  Surface of revolution                          577       577
124  Transformation matrix                         3048      3048
126  Rational B-spline curve                       6024      6024
128  Rational B-spline surface                      645       645
142  Curve on a parametric surface                 1687      1687
144  Trimmed parametric surface                    1222      1222
314  Color definition                              1223      1223
_________________________________________________________________


=================================================================
结果概要
=================================================================
SolidWorks 特征类型                记数
-----------------------                -----
实体特征                       0
曲面特征                     316
曲线/草图特征                0
--------------------------------------------
开始时间: 星期二, 三月 31, 2020 12:23:08
结束时间: 星期二, 三月 31, 2020 12:23:24
处理时间: 0 days, 00 hours, 00 mins, 16 secs
