*****************************************************************
      SolidWorks 公司 - IGES 处理器状态报告
*****************************************************************
=================================================================
总信息
=================================================================
发送系统产品 I.D.  : am_dzp0815c
接收系统产品 I.D.  : am_dzp0815c
文件名称                    : \\nfsclusterfs\user_folder\ji.fangjing\My Documents\吉方靖\自动化简易模型\对中台\0815c\am_dzp0815c.IGS
发送系统              : SolidWorks 2014
预处理器版本         : SolidWorks 2014
文件生成日期          : 200327.084259
模型生成日期         : 200327.084259
单位                        : MM
模型空间比例            : 1
作者                       : ji.fangjing
组织                 : 


=================================================================
实体处理信息
=================================================================


=================================================================
IGES 文件的精度分析：
=================================================================
  有效位数的最普遍的数:              12
  有效位数的最大数:                     13
  有效位数的平均数:                11.2729
  与原点的最大距离:                          4233.76
  与原点的最小距离:                          3.95672
  有效位数的有效数:              12.9992


=================================================================
实体概要
=================================================================
-----------------------------------------------------------------
类型名称                                         记数转换
---- ----                                         ----- ---------
100  Arc                                           2034      2034
102  Composite curve                               2342      2342
110  Line                                          2718      2718
120  Surface of revolution                          451       451
124  Transformation matrix                         2006      2006
126  Rational B-spline curve                       4416      4416
128  Rational B-spline surface                      454       454
142  Curve on a parametric surface                 1171      1171
144  Trimmed parametric surface                     905       905
314  Color definition                               906       906
_________________________________________________________________


=================================================================
结果概要
=================================================================
SolidWorks 特征类型                记数
-----------------------                -----
实体特征                       0
曲面特征                     168
曲线/草图特征                0
--------------------------------------------
开始时间: 星期二, 三月 31, 2020 12:19:53
结束时间: 星期二, 三月 31, 2020 12:20:03
处理时间: 0 days, 00 hours, 00 mins, 10 secs
