*****************************************************************
      SolidWorks 公司 - IGES 处理器状态报告
*****************************************************************
=================================================================
总信息
=================================================================
发送系统产品 I.D.  : AM.YDP0504C移动底座
接收系统产品 I.D.  : AM.YDP0504C移动底座
文件名称                    : \\nfsclusterfs\user_folder\ji.fangjing\My Documents\吉方靖\自动化简易模型\导轨\am.ydp0504cr4\AM.YDP0504C移动底座.IGS
发送系统              : SolidWorks 2014
预处理器版本         : SolidWorks 2014
文件生成日期          : 200327.114656
模型生成日期         : 200327.114656
单位                        : MM
模型空间比例            : 1
作者                       : ji.fangjing
组织                 : 


=================================================================
实体处理信息
=================================================================


=================================================================
IGES 文件的精度分析：
=================================================================
  有效位数的最普遍的数:              12
  有效位数的最大数:                     13
  有效位数的平均数:                10.3657
  与原点的最大距离:                          1901.37
  与原点的最小距离:                                0
  有效位数的有效数:                   13


=================================================================
实体概要
=================================================================
-----------------------------------------------------------------
类型名称                                         记数转换
---- ----                                         ----- ---------
100  Arc                                           7538      7538
102  Composite curve                               9632      9632
110  Line                                         12564     12564
120  Surface of revolution                         2133      2133
124  Transformation matrix                         4788      4788
126  Rational B-spline curve                      19446     19446
128  Rational B-spline surface                     1321      1321
142  Curve on a parametric surface                 4816      4816
144  Trimmed parametric surface                    3454      3454
308  Subfigure definition                            44        44
314  Color definition                                68        68
408  Singular subfigure instance                    106       106
_________________________________________________________________


=================================================================
结果概要
=================================================================
SolidWorks 特征类型                记数
-----------------------                -----
实体特征                       42
曲面特征                     274
曲线/草图特征                0
--------------------------------------------
开始时间: 星期二, 三月 31, 2020 14:46:42
结束时间: 星期二, 三月 31, 2020 14:47:19
处理时间: 0 days, 00 hours, 00 mins, 37 secs
